C51 COMPILER V9.60.0.0   LCD8BIT                                                           07/08/2022 12:25:31 PAGE 1   


C51 COMPILER V9.60.0.0, COMPILATION OF MODULE LCD8BIT
OBJECT MODULE PLACED IN .\Objects\lcd8bit.obj
COMPILER INVOKED BY: C:\Keil_v5\C51\BIN\C51.EXE lcd8bit.c OPTIMIZE(8,SPEED) BROWSE DEBUG OBJECTEXTEND PRINT(.\Listings\l
                    -cd8bit.lst) TABS(2) OBJECT(.\Objects\lcd8bit.obj)

line level    source

   1          //#include<reg51.h>
   2          #include <REGX51.H>
   3          
   4          #define lcd_data_port P1    /* P1 port as data port */
   5          sbit rs=P2^0;     /* Register select pin */
   6          sbit rw=P2^1;     /* Read/Write pin */
   7          sbit en=P2^2;     /* Enable pin */
   8          
   9          
  10          void delay(unsigned int count)  /* Function to provide delay Approx 1ms */
  11          {
  12   1        int i,j;
  13   1        for(i=0;i<count;i++)
  14   1        for(j=0;j<112;j++);
  15   1      }
  16          
  17          void LCD_Command (unsigned char cmd)  /* LCD16x2 command funtion */
  18          {
  19   1        lcd_data_port= cmd;
  20   1        rs=0;     /* command reg. */
  21   1        rw=0;     /* Write operation */
  22   1        en=1; 
  23   1        delay(1);
  24   1        en=0;
  25   1        delay(5);
  26   1      }
  27          
  28          void LCD_Char (unsigned char char_data)  /* LCD data write function */
  29          {
  30   1        lcd_data_port=char_data;
  31   1        rs=1;     /* Data reg.*/
  32   1        rw=0;     /* Write operation*/
  33   1        en=1;           
  34   1        delay(1);
  35   1        en=0;
  36   1        delay(5);
  37   1      }
  38          
  39          void LCD_String (unsigned char *str) /* Send string to LCD function */
  40          {
  41   1        int i;
  42   1        for(i=0;str[i]!=0;i++)  /* Send each char of string till the NULL */
  43   1        {
  44   2          LCD_Char (str[i]);  /* Call LCD data write */
  45   2        }
  46   1      }
  47          
  48          void LCD_String_xy (char row, char pos, char *str)  /* Send string to LCD function */
  49          {
  50   1        if (row == 0)
  51   1        LCD_Command((pos & 0x0F)|0x80);
  52   1        else if (row == 1)
  53   1        LCD_Command((pos & 0x0F)|0xC0);
  54   1        LCD_String(str);  /* Call LCD string function */
C51 COMPILER V9.60.0.0   LCD8BIT                                                           07/08/2022 12:25:31 PAGE 2   

  55   1      }
  56          
  57          void LCD_Init (void)    /* LCD Initialize function */
  58          { 
  59   1        delay(20);    /* LCD Power ON Initialization time >15ms */
  60   1        LCD_Command (0x38); /* Initialization of 16X2 LCD in 8bit mode */
  61   1        LCD_Command (0x0C); /* Display ON Cursor OFF */
  62   1        LCD_Command (0x06); /* Auto Increment cursor */
  63   1        LCD_Command (0x01); /* clear display */
  64   1        LCD_Command (0x80); /* cursor at home position */
  65   1      }
  66          
  67          void main()
  68          {
  69   1      
  70   1        LCD_Init();   /* initialization of LCD*/
  71   1      
  72   1        LCD_String("ElectronicWINGS");  /* write string on 1st line of LCD*/
  73   1        LCD_Command(0xC0);
  74   1        LCD_String("Hello World");  /*write string on 2nd line*/
  75   1      
  76   1        while(1);   /* Infinite loop. */
  77   1        
  78   1      }
  79           


MODULE INFORMATION:   STATIC OVERLAYABLE
   CODE SIZE        =    228    ----
   CONSTANT SIZE    =     28    ----
   XDATA SIZE       =   ----    ----
   PDATA SIZE       =   ----    ----
   DATA SIZE        =   ----      10
   IDATA SIZE       =   ----    ----
   BIT SIZE         =   ----    ----
END OF MODULE INFORMATION.


C51 COMPILATION COMPLETE.  0 WARNING(S),  0 ERROR(S)
